Router>enable
Router#configure terminal
Enter configuration commands, one per line.  End with CNTL/Z.
Router(config)#inter
Router(config)#interface faste
Router(config)#interface fastethernet 0/0
Router(config-if)#ip address 192.168.1.1 255.255.255.0
Router(config-if)#no shutdown

Router(config-if)#
%LINK-5-CHANGED: Interface FastEthernet0/0, changed state to up

%LINEPROTO-5-UPDOWN: Line protocol on Interface FastEthernet0/0, changed state to up
exit
Router(config)#inter
Router(config)#interface fast
Router(config)#interface fastEthernet 0/1 192.168.2.1 255.255.255.0
                                          ^
% Invalid input detected at '^' marker.
	
Router(config)#interface fastEthernet 0/1
Router(config-if)#ip address 192.168.2.1 255.255.255.0
Router(config-if)#no shutdown

Router(config-if)#
%LINK-5-CHANGED: Interface FastEthernet0/1, changed state to up

%LINEPROTO-5-UPDOWN: Line protocol on Interface FastEthernet0/1, changed state to up
exit
Router(config)#interface eth
Router(config)#interface ethernet0/0/0
Router(config-if)#ip address 192.168.3.1 255.255.255.0
Router(config-if)#no shutdown

Router(config-if)#
%LINK-5-CHANGED: Interface Ethernet0/0/0, changed state to up

%LINEPROTO-5-UPDOWN: Line protocol on Interface Ethernet0/0/0, changed state to up
exit
Router(config)#interface ethernet0/1/0
Router(config-if)#ip address 192.168.4.1 255.255.255.0
Router(config-if)#no shutdown

Router(config-if)#
%LINK-5-CHANGED: Interface Ethernet0/1/0, changed state to up

%LINEPROTO-5-UPDOWN: Line protocol on Interface Ethernet0/1/0, changed state to up
exit
Router(config)#copy run
Router(config)#copy runni
Router(config)#copy running-config startup-config
                 ^
% Invalid input detected at '^' marker.
	
Router(config)#copy running-config startup-config
                 ^
% Invalid input detected at '^' marker.
	
Router(config)#exit
Router#
%SYS-5-CONFIG_I: Configured from console by console

Router#copy running-config startup-config
Destination filename [startup-config]? y
%Error copying nvram:y (Invalid argument)
Router#copy running-config startup-config
Destination filename [startup-config]? 
Building configuration...
[OK]
Router#
Router#
Router#